<TestPerson>
  <Age>8</Age>
  <Name>Sara</Name>
</TestPerson>